---------------------------
[project]/src/app/globals.css [app-client] (css)

Caused by:
- failed to receive message
- reading packet length
- timeout while receiving message from process
- deadline has elapsed

Debug info:
- Execution of get_all_written_entrypoints_with_issues_operation failed
- Execution of EntrypointsOperation::new failed
- Execution of all_entrypoints_write_to_disk_operation failed
- Execution of output_assets_operation failed
- Execution of <MiddlewareEndpoint as Endpoint>::output failed
- Execution of MiddlewareEndpoint::output_assets failed
- Execution of MiddlewareEndpoint::edge_chunk_group failed
- Execution of *evaluated_chunk_group_assets failed
- Execution of Project::edge_chunking_context failed
- Execution of *get_edge_chunking_context failed
- Execution of Project::module_ids failed
- Execution of whole_app_module_graph_operation failed
- Execution of *Project::get_all_additional_entries failed
- Execution of ModuleGraph::from_single_graph_without_unused_references failed
- Execution of ModuleGraph::create failed
- Execution of SingleModuleGraph::new_with_entries failed
- [project]/src/app/globals.css [app-client] (css)
- Execution of primary_chunkable_referenced_modules failed
- Execution of <CssModule as Module>::references failed
- Execution of parse_css failed
- Execution of <PostCssTransformedAsset as Asset>::content failed
- Execution of PostCssTransformedAsset::process failed
- Execution of evaluate_webpack_loader failed
- failed to receive message
- reading packet length
- timeout while receiving message from process
- deadline has elapsed
